// Jest Snapshot v1, https://goo.gl/fbAQLP

exports[`HomePage should render correctly (snapshot) 1`] = `
<Fragment>
  <Connect(Header) />
  <Connect(Films) />
  <Footer />
</Fragment>
`;
