// Jest Snapshot v1, https://goo.gl/fbAQLP

exports[`NotFound should render correctly (snapshot) 1`] = `<NotFound />`;
