// Jest Snapshot v1, https://goo.gl/fbAQLP

exports[`FilmDetailsPage should render correctly (snapshot) 1`] = `
<Fragment>
  <Connect(FilmDetails) />
  <Connect(FilmsByGenre) />
  <Footer />
</Fragment>
`;
