// Jest Snapshot v1, https://goo.gl/fbAQLP

exports[`Button should render correctly (snapshot) 1`] = `
<Button
  active={true}
  margin={true}
  size="small"
>
  Button text
</Button>
`;
