// Jest Snapshot v1, https://goo.gl/fbAQLP

exports[`Film should render correctly (snapshot) 1`] = `<FilmDetailsPage />`;
