// Jest Snapshot v1, https://goo.gl/fbAQLP

exports[`Index should render correctly (snapshot) 1`] = `<HomePage />`;
