// Jest Snapshot v1, https://goo.gl/fbAQLP

exports[`GenreButton renders correctly 1`] = `
<styled.button>
  genre
</styled.button>
`;
