// Jest Snapshot v1, https://goo.gl/fbAQLP

exports[`TitleButton renders correctly 1`] = `
<styled.button>
  title
</styled.button>
`;
